ARM Linker, 5.02 [Build 28] [MDK-ARM Standard]

==============================================================================

Section Cross References

    system_stm32f10x.o(.text) refers to system_stm32f10x.o(.data) for SystemCoreClock
    startup_stm32f10x_hd.o(RESET) refers to startup_stm32f10x_hd.o(STACK) for __initial_sp
    startup_stm32f10x_hd.o(RESET) refers to startup_stm32f10x_hd.o(.text) for Reset_Handler
    startup_stm32f10x_hd.o(RESET) refers to stm32f10x_it.o(.text) for NMI_Handler
    startup_stm32f10x_hd.o(.text) refers to system_stm32f10x.o(.text) for SystemInit
    startup_stm32f10x_hd.o(.text) refers to entry.o(.ARM.Collect$$$$00000000) for __main
    main.o(.text) refers to usart1.o(.text) for USART1_Config
    main.o(.text) refers to usart2.o(.text) for USART2_Config
    main.o(.text) refers to hal_i2c.o(.text) for Hal_I2C_Init
    main.o(.text) refers to esp8266.o(.text) for ESP8266_Init
    main.o(.text) refers to printfa.o(i.__0printf) for __2printf
    main.o(.text) refers to led.o(.text) for LED_Init
    main.o(.text) refers to relay.o(.text) for Relay_Init
    main.o(.text) refers to sht20.o(.text) for SHT2x_MeasureHM
    main.o(.text) refers to utils.o(.text) for mDelay
    main.o(.text) refers to printfa.o(i.__0sprintf) for __2sprintf
    main.o(.text) refers to http_demo.o(.text) for HTTP_PostPkt
    main.o(.text) refers to usart2.o(.bss) for usart2_rcv_buf
    stm32f10x_it.o(.text) refers to usart2.o(.data) for usart2_rcv_len
    stm32f10x_it.o(.text) refers to usart2.o(.bss) for usart2_rcv_buf
    stm32f10x_gpio.o(.text) refers to stm32f10x_rcc.o(.text) for RCC_APB2PeriphResetCmd
    stm32f10x_i2c.o(.text) refers to stm32f10x_rcc.o(.text) for RCC_APB1PeriphResetCmd
    stm32f10x_rcc.o(.text) refers to stm32f10x_rcc.o(.data) for APBAHBPrescTable
    stm32f10x_usart.o(.text) refers to stm32f10x_rcc.o(.text) for RCC_APB2PeriphResetCmd
    hal_i2c.o(.text) refers to stm32f10x_rcc.o(.text) for RCC_APB1PeriphClockCmd
    hal_i2c.o(.text) refers to printfa.o(i.__0printf) for __2printf
    hal_i2c.o(.text) refers to stm32f10x_gpio.o(.text) for GPIO_Init
    hal_i2c.o(.text) refers to stm32f10x_i2c.o(.text) for I2C_DeInit
    hal_i2c.o(.text) refers to hal_i2c.o(.constdata) for __func__
    sht20.o(.text) refers to hal_i2c.o(.text) for Hal_I2C_ByteWrite
    sht20.o(.text) refers to ffltui.o(.text) for __aeabi_ui2f
    sht20.o(.text) refers to f2d.o(.text) for __aeabi_f2d
    sht20.o(.text) refers to dmul.o(.text) for __aeabi_dmul
    sht20.o(.text) refers to dadd.o(.text) for __aeabi_dsub
    sht20.o(.text) refers to d2f.o(.text) for __aeabi_d2f
    sht20.o(.text) refers to fflti.o(.text) for __aeabi_i2f
    sht20.o(.text) refers to stm32f10x_i2c.o(.text) for I2C_AcknowledgeConfig
    sht20.o(.text) refers to utils.o(.text) for mDelay
    sht20.o(.text) refers to printfa.o(i.__0printf) for __2printf
    sht20.o(.text) refers to ffixui.o(.text) for __aeabi_f2uiz
    sht20.o(.text) refers to sht20.o(.constdata) for __func__
    usart1.o(.text) refers to stm32f10x_rcc.o(.text) for RCC_APB2PeriphClockCmd
    usart1.o(.text) refers to stm32f10x_gpio.o(.text) for GPIO_Init
    usart1.o(.text) refers to stm32f10x_usart.o(.text) for USART_Init
    usart1.o(.text) refers to misc.o(.text) for NVIC_Init
    usart2.o(.text) refers to stm32f10x_rcc.o(.text) for RCC_APB2PeriphClockCmd
    usart2.o(.text) refers to stm32f10x_gpio.o(.text) for GPIO_Init
    usart2.o(.text) refers to stm32f10x_usart.o(.text) for USART_Init
    usart2.o(.text) refers to misc.o(.text) for NVIC_Init
    usart2.o(.text) refers to memseta.o(.text) for __aeabi_memclr
    usart2.o(.text) refers to strlen.o(.text) for strlen
    usart2.o(.text) refers to utils.o(.text) for mDelay
    usart2.o(.text) refers to printfa.o(i.__0printf) for __2printf
    usart2.o(.text) refers to strstr.o(.text) for strstr
    usart2.o(.text) refers to memcpya.o(.text) for __aeabi_memcpy
    usart2.o(.text) refers to usart2.o(.bss) for usart2_rcv_buf
    usart2.o(.text) refers to usart2.o(.data) for usart2_rcv_len
    usart2.o(.text) refers to usart2.o(.constdata) for __func__
    http_demo.o(.text) refers to memseta.o(.text) for __aeabi_memclr4
    http_demo.o(.text) refers to printfa.o(i.__0sprintf) for __2sprintf
    http_demo.o(.text) refers to strlen.o(.text) for strlen
    http_demo.o(.text) refers to strcat.o(.text) for strcat
    utils.o(.text) refers to printfa.o(i.__0printf) for __2printf
    utils.o(.text) refers to utils.o(.constdata) for aucCRCHi
    esp8266.o(.text) refers to stm32f10x_rcc.o(.text) for RCC_APB2PeriphClockCmd
    esp8266.o(.text) refers to stm32f10x_gpio.o(.text) for GPIO_Init
    esp8266.o(.text) refers to utils.o(.text) for mDelay
    esp8266.o(.text) refers to usart2.o(.text) for SendCmd
    entry.o(.ARM.Collect$$$$00000000) refers (Special) to entry7b.o(.ARM.Collect$$$$00000008) for _main_clock
    entry.o(.ARM.Collect$$$$00000000) refers (Special) to entry8.o(.ARM.Collect$$$$00000009) for _main_init
    entry.o(.ARM.Collect$$$$00000000) refers (Special) to entry5.o(.ARM.Collect$$$$00000004) for _main_scatterload
    entry.o(.ARM.Collect$$$$00000000) refers (Special) to entry2.o(.ARM.Collect$$$$00000001) for _main_stk
    printfb.o(i.__0fprintf$bare) refers to printfb.o(i._printf_core) for _printf_core
    printfb.o(i.__0fprintf$bare) refers to usart1.o(.text) for fputc
    printfb.o(i.__0printf$bare) refers to printfb.o(i._printf_core) for _printf_core
    printfb.o(i.__0printf$bare) refers to usart1.o(.text) for fputc
    printfb.o(i.__0printf$bare) refers to stdout.o(.data) for __stdout
    printfb.o(i.__0snprintf$bare) refers to printfb.o(i._printf_core) for _printf_core
    printfb.o(i.__0snprintf$bare) refers to printfb.o(i._snputc) for _snputc
    printfb.o(i.__0sprintf$bare) refers to printfb.o(i._printf_core) for _printf_core
    printfb.o(i.__0sprintf$bare) refers to printfb.o(i._sputc) for _sputc
    printfb.o(i.__0vfprintf$bare) refers to printfb.o(i._printf_core) for _printf_core
    printfb.o(i.__0vfprintf$bare) refers to usart1.o(.text) for fputc
    printfb.o(i.__0vprintf$bare) refers to printfb.o(i._printf_core) for _printf_core
    printfb.o(i.__0vprintf$bare) refers to usart1.o(.text) for fputc
    printfb.o(i.__0vprintf$bare) refers to stdout.o(.data) for __stdout
    printfb.o(i.__0vsnprintf$bare) refers to printfb.o(i._printf_core) for _printf_core
    printfb.o(i.__0vsnprintf$bare) refers to printfb.o(i._snputc) for _snputc
    printfb.o(i.__0vsprintf$bare) refers to printfb.o(i._printf_core) for _printf_core
    printfb.o(i.__0vsprintf$bare) refers to printfb.o(i._sputc) for _sputc
    printf0.o(i.__0fprintf$0) refers to printf0.o(i._printf_core) for _printf_core
    printf0.o(i.__0fprintf$0) refers to usart1.o(.text) for fputc
    printf0.o(i.__0printf$0) refers to printf0.o(i._printf_core) for _printf_core
    printf0.o(i.__0printf$0) refers to usart1.o(.text) for fputc
    printf0.o(i.__0printf$0) refers to stdout.o(.data) for __stdout
    printf0.o(i.__0snprintf$0) refers to printf0.o(i._printf_core) for _printf_core
    printf0.o(i.__0snprintf$0) refers to printf0.o(i._snputc) for _snputc
    printf0.o(i.__0sprintf$0) refers to printf0.o(i._printf_core) for _printf_core
    printf0.o(i.__0sprintf$0) refers to printf0.o(i._sputc) for _sputc
    printf0.o(i.__0vfprintf$0) refers to printf0.o(i._printf_core) for _printf_core
    printf0.o(i.__0vfprintf$0) refers to usart1.o(.text) for fputc
    printf0.o(i.__0vprintf$0) refers to printf0.o(i._printf_core) for _printf_core
    printf0.o(i.__0vprintf$0) refers to usart1.o(.text) for fputc
    printf0.o(i.__0vprintf$0) refers to stdout.o(.data) for __stdout
    printf0.o(i.__0vsnprintf$0) refers to printf0.o(i._printf_core) for _printf_core
    printf0.o(i.__0vsnprintf$0) refers to printf0.o(i._snputc) for _snputc
    printf0.o(i.__0vsprintf$0) refers to printf0.o(i._printf_core) for _printf_core
    printf0.o(i.__0vsprintf$0) refers to printf0.o(i._sputc) for _sputc
    printf1.o(i.__0fprintf$1) refers to printf1.o(i._printf_core) for _printf_core
    printf1.o(i.__0fprintf$1) refers to usart1.o(.text) for fputc
    printf1.o(i.__0printf$1) refers to printf1.o(i._printf_core) for _printf_core
    printf1.o(i.__0printf$1) refers to usart1.o(.text) for fputc
    printf1.o(i.__0printf$1) refers to stdout.o(.data) for __stdout
    printf1.o(i.__0snprintf$1) refers to printf1.o(i._printf_core) for _printf_core
    printf1.o(i.__0snprintf$1) refers to printf1.o(i._snputc) for _snputc
    printf1.o(i.__0sprintf$1) refers to printf1.o(i._printf_core) for _printf_core
    printf1.o(i.__0sprintf$1) refers to printf1.o(i._sputc) for _sputc
    printf1.o(i.__0vfprintf$1) refers to printf1.o(i._printf_core) for _printf_core
    printf1.o(i.__0vfprintf$1) refers to usart1.o(.text) for fputc
    printf1.o(i.__0vprintf$1) refers to printf1.o(i._printf_core) for _printf_core
    printf1.o(i.__0vprintf$1) refers to usart1.o(.text) for fputc
    printf1.o(i.__0vprintf$1) refers to stdout.o(.data) for __stdout
    printf1.o(i.__0vsnprintf$1) refers to printf1.o(i._printf_core) for _printf_core
    printf1.o(i.__0vsnprintf$1) refers to printf1.o(i._snputc) for _snputc
    printf1.o(i.__0vsprintf$1) refers to printf1.o(i._printf_core) for _printf_core
    printf1.o(i.__0vsprintf$1) refers to printf1.o(i._sputc) for _sputc
    printf1.o(i._printf_core) refers to uidiv.o(.text) for __aeabi_uidivmod
    printf2.o(i.__0fprintf$2) refers to printf2.o(i._printf_core) for _printf_core
    printf2.o(i.__0fprintf$2) refers to usart1.o(.text) for fputc
    printf2.o(i.__0printf$2) refers to printf2.o(i._printf_core) for _printf_core
    printf2.o(i.__0printf$2) refers to usart1.o(.text) for fputc
    printf2.o(i.__0printf$2) refers to stdout.o(.data) for __stdout
    printf2.o(i.__0snprintf$2) refers to printf2.o(i._printf_core) for _printf_core
    printf2.o(i.__0snprintf$2) refers to printf2.o(i._snputc) for _snputc
    printf2.o(i.__0sprintf$2) refers to printf2.o(i._printf_core) for _printf_core
    printf2.o(i.__0sprintf$2) refers to printf2.o(i._sputc) for _sputc
    printf2.o(i.__0vfprintf$2) refers to printf2.o(i._printf_core) for _printf_core
    printf2.o(i.__0vfprintf$2) refers to usart1.o(.text) for fputc
    printf2.o(i.__0vprintf$2) refers to printf2.o(i._printf_core) for _printf_core
    printf2.o(i.__0vprintf$2) refers to usart1.o(.text) for fputc
    printf2.o(i.__0vprintf$2) refers to stdout.o(.data) for __stdout
    printf2.o(i.__0vsnprintf$2) refers to printf2.o(i._printf_core) for _printf_core
    printf2.o(i.__0vsnprintf$2) refers to printf2.o(i._snputc) for _snputc
    printf2.o(i.__0vsprintf$2) refers to printf2.o(i._printf_core) for _printf_core
    printf2.o(i.__0vsprintf$2) refers to printf2.o(i._sputc) for _sputc
    printf3.o(i.__0fprintf$3) refers to printf3.o(i._printf_core) for _printf_core
    printf3.o(i.__0fprintf$3) refers to usart1.o(.text) for fputc
    printf3.o(i.__0printf$3) refers to printf3.o(i._printf_core) for _printf_core
    printf3.o(i.__0printf$3) refers to usart1.o(.text) for fputc
    printf3.o(i.__0printf$3) refers to stdout.o(.data) for __stdout
    printf3.o(i.__0snprintf$3) refers to printf3.o(i._printf_core) for _printf_core
    printf3.o(i.__0snprintf$3) refers to printf3.o(i._snputc) for _snputc
    printf3.o(i.__0sprintf$3) refers to printf3.o(i._printf_core) for _printf_core
    printf3.o(i.__0sprintf$3) refers to printf3.o(i._sputc) for _sputc
    printf3.o(i.__0vfprintf$3) refers to printf3.o(i._printf_core) for _printf_core
    printf3.o(i.__0vfprintf$3) refers to usart1.o(.text) for fputc
    printf3.o(i.__0vprintf$3) refers to printf3.o(i._printf_core) for _printf_core
    printf3.o(i.__0vprintf$3) refers to usart1.o(.text) for fputc
    printf3.o(i.__0vprintf$3) refers to stdout.o(.data) for __stdout
    printf3.o(i.__0vsnprintf$3) refers to printf3.o(i._printf_core) for _printf_core
    printf3.o(i.__0vsnprintf$3) refers to printf3.o(i._snputc) for _snputc
    printf3.o(i.__0vsprintf$3) refers to printf3.o(i._printf_core) for _printf_core
    printf3.o(i.__0vsprintf$3) refers to printf3.o(i._sputc) for _sputc
    printf3.o(i._printf_core) refers to uidiv.o(.text) for __aeabi_uidivmod
    printf4.o(i.__0fprintf$4) refers to printf4.o(i._printf_core) for _printf_core
    printf4.o(i.__0fprintf$4) refers to usart1.o(.text) for fputc
    printf4.o(i.__0printf$4) refers to printf4.o(i._printf_core) for _printf_core
    printf4.o(i.__0printf$4) refers to usart1.o(.text) for fputc
    printf4.o(i.__0printf$4) refers to stdout.o(.data) for __stdout
    printf4.o(i.__0snprintf$4) refers to printf4.o(i._printf_core) for _printf_core
    printf4.o(i.__0snprintf$4) refers to printf4.o(i._snputc) for _snputc
    printf4.o(i.__0sprintf$4) refers to printf4.o(i._printf_core) for _printf_core
    printf4.o(i.__0sprintf$4) refers to printf4.o(i._sputc) for _sputc
    printf4.o(i.__0vfprintf$4) refers to printf4.o(i._printf_core) for _printf_core
    printf4.o(i.__0vfprintf$4) refers to usart1.o(.text) for fputc
    printf4.o(i.__0vprintf$4) refers to printf4.o(i._printf_core) for _printf_core
    printf4.o(i.__0vprintf$4) refers to usart1.o(.text) for fputc
    printf4.o(i.__0vprintf$4) refers to stdout.o(.data) for __stdout
    printf4.o(i.__0vsnprintf$4) refers to printf4.o(i._printf_core) for _printf_core
    printf4.o(i.__0vsnprintf$4) refers to printf4.o(i._snputc) for _snputc
    printf4.o(i.__0vsprintf$4) refers to printf4.o(i._printf_core) for _printf_core
    printf4.o(i.__0vsprintf$4) refers to printf4.o(i._sputc) for _sputc
    printf4.o(i._printf_core) refers to uldiv.o(.text) for __aeabi_uldivmod
    printf5.o(i.__0fprintf$5) refers to printf5.o(i._printf_core) for _printf_core
    printf5.o(i.__0fprintf$5) refers to usart1.o(.text) for fputc
    printf5.o(i.__0printf$5) refers to printf5.o(i._printf_core) for _printf_core
    printf5.o(i.__0printf$5) refers to usart1.o(.text) for fputc
    printf5.o(i.__0printf$5) refers to stdout.o(.data) for __stdout
    printf5.o(i.__0snprintf$5) refers to printf5.o(i._printf_core) for _printf_core
    printf5.o(i.__0snprintf$5) refers to printf5.o(i._snputc) for _snputc
    printf5.o(i.__0sprintf$5) refers to printf5.o(i._printf_core) for _printf_core
    printf5.o(i.__0sprintf$5) refers to printf5.o(i._sputc) for _sputc
    printf5.o(i.__0vfprintf$5) refers to printf5.o(i._printf_core) for _printf_core
    printf5.o(i.__0vfprintf$5) refers to usart1.o(.text) for fputc
    printf5.o(i.__0vprintf$5) refers to printf5.o(i._printf_core) for _printf_core
    printf5.o(i.__0vprintf$5) refers to usart1.o(.text) for fputc
    printf5.o(i.__0vprintf$5) refers to stdout.o(.data) for __stdout
    printf5.o(i.__0vsnprintf$5) refers to printf5.o(i._printf_core) for _printf_core
    printf5.o(i.__0vsnprintf$5) refers to printf5.o(i._snputc) for _snputc
    printf5.o(i.__0vsprintf$5) refers to printf5.o(i._printf_core) for _printf_core
    printf5.o(i.__0vsprintf$5) refers to printf5.o(i._sputc) for _sputc
    printf5.o(i._printf_core) refers to uldiv.o(.text) for __aeabi_uldivmod
    printf6.o(i.__0fprintf$6) refers to printf6.o(i._printf_core) for _printf_core
    printf6.o(i.__0fprintf$6) refers to usart1.o(.text) for fputc
    printf6.o(i.__0printf$6) refers to printf6.o(i._printf_core) for _printf_core
    printf6.o(i.__0printf$6) refers to usart1.o(.text) for fputc
    printf6.o(i.__0printf$6) refers to stdout.o(.data) for __stdout
    printf6.o(i.__0snprintf$6) refers to printf6.o(i._printf_core) for _printf_core
    printf6.o(i.__0snprintf$6) refers to printf6.o(i._snputc) for _snputc
    printf6.o(i.__0sprintf$6) refers to printf6.o(i._printf_core) for _printf_core
    printf6.o(i.__0sprintf$6) refers to printf6.o(i._sputc) for _sputc
    printf6.o(i.__0vfprintf$6) refers to printf6.o(i._printf_core) for _printf_core
    printf6.o(i.__0vfprintf$6) refers to usart1.o(.text) for fputc
    printf6.o(i.__0vprintf$6) refers to printf6.o(i._printf_core) for _printf_core
    printf6.o(i.__0vprintf$6) refers to usart1.o(.text) for fputc
    printf6.o(i.__0vprintf$6) refers to stdout.o(.data) for __stdout
    printf6.o(i.__0vsnprintf$6) refers to printf6.o(i._printf_core) for _printf_core
    printf6.o(i.__0vsnprintf$6) refers to printf6.o(i._snputc) for _snputc
    printf6.o(i.__0vsprintf$6) refers to printf6.o(i._printf_core) for _printf_core
    printf6.o(i.__0vsprintf$6) refers to printf6.o(i._sputc) for _sputc
    printf6.o(i._printf_core) refers to printf6.o(i._printf_pre_padding) for _printf_pre_padding
    printf6.o(i._printf_core) refers to uidiv.o(.text) for __aeabi_uidivmod
    printf6.o(i._printf_core) refers to printf6.o(i._printf_post_padding) for _printf_post_padding
    printf7.o(i.__0fprintf$7) refers to printf7.o(i._printf_core) for _printf_core
    printf7.o(i.__0fprintf$7) refers to usart1.o(.text) for fputc
    printf7.o(i.__0printf$7) refers to printf7.o(i._printf_core) for _printf_core
    printf7.o(i.__0printf$7) refers to usart1.o(.text) for fputc
    printf7.o(i.__0printf$7) refers to stdout.o(.data) for __stdout
    printf7.o(i.__0snprintf$7) refers to printf7.o(i._printf_core) for _printf_core
    printf7.o(i.__0snprintf$7) refers to printf7.o(i._snputc) for _snputc
    printf7.o(i.__0sprintf$7) refers to printf7.o(i._printf_core) for _printf_core
    printf7.o(i.__0sprintf$7) refers to printf7.o(i._sputc) for _sputc
    printf7.o(i.__0vfprintf$7) refers to printf7.o(i._printf_core) for _printf_core
    printf7.o(i.__0vfprintf$7) refers to usart1.o(.text) for fputc
    printf7.o(i.__0vprintf$7) refers to printf7.o(i._printf_core) for _printf_core
    printf7.o(i.__0vprintf$7) refers to usart1.o(.text) for fputc
    printf7.o(i.__0vprintf$7) refers to stdout.o(.data) for __stdout
    printf7.o(i.__0vsnprintf$7) refers to printf7.o(i._printf_core) for _printf_core
    printf7.o(i.__0vsnprintf$7) refers to printf7.o(i._snputc) for _snputc
    printf7.o(i.__0vsprintf$7) refers to printf7.o(i._printf_core) for _printf_core
    printf7.o(i.__0vsprintf$7) refers to printf7.o(i._sputc) for _sputc
    printf7.o(i._printf_core) refers to printf7.o(i._printf_pre_padding) for _printf_pre_padding
    printf7.o(i._printf_core) refers to uldiv.o(.text) for __aeabi_uldivmod
    printf7.o(i._printf_core) refers to printf7.o(i._printf_post_padding) for _printf_post_padding
    printf8.o(i.__0fprintf$8) refers to printf8.o(i._printf_core) for _printf_core
    printf8.o(i.__0fprintf$8) refers to usart1.o(.text) for fputc
    printf8.o(i.__0printf$8) refers to printf8.o(i._printf_core) for _printf_core
    printf8.o(i.__0printf$8) refers to usart1.o(.text) for fputc
    printf8.o(i.__0printf$8) refers to stdout.o(.data) for __stdout
    printf8.o(i.__0snprintf$8) refers to printf8.o(i._printf_core) for _printf_core
    printf8.o(i.__0snprintf$8) refers to printf8.o(i._snputc) for _snputc
    printf8.o(i.__0sprintf$8) refers to printf8.o(i._printf_core) for _printf_core
    printf8.o(i.__0sprintf$8) refers to printf8.o(i._sputc) for _sputc
    printf8.o(i.__0vfprintf$8) refers to printf8.o(i._printf_core) for _printf_core
    printf8.o(i.__0vfprintf$8) refers to usart1.o(.text) for fputc
    printf8.o(i.__0vprintf$8) refers to printf8.o(i._printf_core) for _printf_core
    printf8.o(i.__0vprintf$8) refers to usart1.o(.text) for fputc
    printf8.o(i.__0vprintf$8) refers to stdout.o(.data) for __stdout
    printf8.o(i.__0vsnprintf$8) refers to printf8.o(i._printf_core) for _printf_core
    printf8.o(i.__0vsnprintf$8) refers to printf8.o(i._snputc) for _snputc
    printf8.o(i.__0vsprintf$8) refers to printf8.o(i._printf_core) for _printf_core
    printf8.o(i.__0vsprintf$8) refers to printf8.o(i._sputc) for _sputc
    printf8.o(i._printf_core) refers to printf8.o(i._printf_pre_padding) for _printf_pre_padding
    printf8.o(i._printf_core) refers to uldiv.o(.text) for __aeabi_uldivmod
    printf8.o(i._printf_core) refers to printf8.o(i._printf_post_padding) for _printf_post_padding
    printfa.o(i.__0fprintf) refers (Special) to iusefp.o(.text) for __I$use$fp
    printfa.o(i.__0fprintf) refers to printfa.o(i._printf_core) for _printf_core
    printfa.o(i.__0fprintf) refers to usart1.o(.text) for fputc
    printfa.o(i.__0printf) refers (Special) to iusefp.o(.text) for __I$use$fp
    printfa.o(i.__0printf) refers to printfa.o(i._printf_core) for _printf_core
    printfa.o(i.__0printf) refers to usart1.o(.text) for fputc
    printfa.o(i.__0printf) refers to stdout.o(.data) for __stdout
    printfa.o(i.__0snprintf) refers (Special) to iusefp.o(.text) for __I$use$fp
    printfa.o(i.__0snprintf) refers to printfa.o(i._printf_core) for _printf_core
    printfa.o(i.__0snprintf) refers to printfa.o(i._snputc) for _snputc
    printfa.o(i.__0sprintf) refers (Special) to iusefp.o(.text) for __I$use$fp
    printfa.o(i.__0sprintf) refers to printfa.o(i._printf_core) for _printf_core
    printfa.o(i.__0sprintf) refers to printfa.o(i._sputc) for _sputc
    printfa.o(i.__0vfprintf) refers (Special) to iusefp.o(.text) for __I$use$fp
    printfa.o(i.__0vfprintf) refers to printfa.o(i._printf_core) for _printf_core
    printfa.o(i.__0vfprintf) refers to usart1.o(.text) for fputc
    printfa.o(i.__0vprintf) refers (Special) to iusefp.o(.text) for __I$use$fp
    printfa.o(i.__0vprintf) refers to printfa.o(i._printf_core) for _printf_core
    printfa.o(i.__0vprintf) refers to usart1.o(.text) for fputc
    printfa.o(i.__0vprintf) refers to stdout.o(.data) for __stdout
    printfa.o(i.__0vsnprintf) refers (Special) to iusefp.o(.text) for __I$use$fp
    printfa.o(i.__0vsnprintf) refers to printfa.o(i._printf_core) for _printf_core
    printfa.o(i.__0vsnprintf) refers to printfa.o(i._snputc) for _snputc
    printfa.o(i.__0vsprintf) refers (Special) to iusefp.o(.text) for __I$use$fp
    printfa.o(i.__0vsprintf) refers to printfa.o(i._printf_core) for _printf_core
    printfa.o(i.__0vsprintf) refers to printfa.o(i._sputc) for _sputc
    printfa.o(i._fp_digits) refers (Special) to iusefp.o(.text) for __I$use$fp
    printfa.o(i._fp_digits) refers to dmul.o(.text) for __aeabi_dmul
    printfa.o(i._fp_digits) refers to ddiv.o(.text) for __aeabi_ddiv
    printfa.o(i._fp_digits) refers to cdrcmple.o(.text) for __aeabi_cdrcmple
    printfa.o(i._fp_digits) refers to dadd.o(.text) for __aeabi_dadd
    printfa.o(i._fp_digits) refers to dfixul.o(.text) for __aeabi_d2ulz
    printfa.o(i._fp_digits) refers to uldiv.o(.text) for __aeabi_uldivmod
    printfa.o(i._printf_core) refers (Special) to iusefp.o(.text) for __I$use$fp
    printfa.o(i._printf_core) refers to printfa.o(i._printf_pre_padding) for _printf_pre_padding
    printfa.o(i._printf_core) refers to uldiv.o(.text) for __aeabi_uldivmod
    printfa.o(i._printf_core) refers to printfa.o(i._printf_post_padding) for _printf_post_padding
    printfa.o(i._printf_core) refers to printfa.o(i._fp_digits) for _fp_digits
    printfa.o(i._printf_core) refers to uidiv.o(.text) for __aeabi_uidivmod
    printfa.o(i._printf_post_padding) refers (Special) to iusefp.o(.text) for __I$use$fp
    printfa.o(i._printf_pre_padding) refers (Special) to iusefp.o(.text) for __I$use$fp
    printfa.o(i._snputc) refers (Special) to iusefp.o(.text) for __I$use$fp
    printfa.o(i._sputc) refers (Special) to iusefp.o(.text) for __I$use$fp
    dadd.o(.text) refers (Special) to iusefp.o(.text) for __I$use$fp
    dadd.o(.text) refers to llshl.o(.text) for __aeabi_llsl
    dadd.o(.text) refers to llsshr.o(.text) for __aeabi_lasr
    dadd.o(.text) refers to depilogue.o(.text) for _double_epilogue
    dmul.o(.text) refers (Special) to iusefp.o(.text) for __I$use$fp
    dmul.o(.text) refers to depilogue.o(.text) for _double_epilogue
    fflti.o(.text) refers (Special) to iusefp.o(.text) for __I$use$fp
    fflti.o(.text) refers to fepilogue.o(.text) for _float_epilogue
    ffltui.o(.text) refers (Special) to iusefp.o(.text) for __I$use$fp
    ffltui.o(.text) refers to fepilogue.o(.text) for _float_epilogue
    ffixui.o(.text) refers (Special) to iusefp.o(.text) for __I$use$fp
    f2d.o(.text) refers (Special) to iusefp.o(.text) for __I$use$fp
    d2f.o(.text) refers (Special) to iusefp.o(.text) for __I$use$fp
    d2f.o(.text) refers to fepilogue.o(.text) for _float_round
    entry2.o(.ARM.Collect$$$$00000001) refers to entry2.o(.ARM.Collect$$$$00002712) for __lit__00000000
    entry2.o(.ARM.Collect$$$$00002712) refers to startup_stm32f10x_hd.o(STACK) for __initial_sp
    entry2.o(__vectab_stack_and_reset_area) refers to startup_stm32f10x_hd.o(STACK) for __initial_sp
    entry2.o(__vectab_stack_and_reset_area) refers to entry.o(.ARM.Collect$$$$00000000) for __main
    entry5.o(.ARM.Collect$$$$00000004) refers to init.o(.text) for __scatterload
    entry8.o(.ARM.Collect$$$$00000009) refers to main.o(.text) for main
    uldiv.o(.text) refers to llushr.o(.text) for __aeabi_llsr
    uldiv.o(.text) refers to llshl.o(.text) for __aeabi_llsl
    depilogue.o(.text) refers to llshl.o(.text) for __aeabi_llsl
    depilogue.o(.text) refers to llushr.o(.text) for __aeabi_llsr
    ddiv.o(.text) refers to depilogue.o(.text) for _double_round
    dfixul.o(.text) refers to llushr.o(.text) for __aeabi_llsr
    dfixul.o(.text) refers to llshl.o(.text) for __aeabi_llsl
    init.o(.text) refers to entry5.o(.ARM.Collect$$$$00000004) for __main_after_scatterload


==============================================================================

Removing Unused input sections from the image.

    Removing core_cm3.o(.emb_text), (32 bytes).
    Removing startup_stm32f10x_hd.o(HEAP), (1024 bytes).
    Removing stm32f10x_exti.o(.text), (284 bytes).
    Removing stm32f10x_flash.o(.text), (1460 bytes).
    Removing usart1.o(.bss), (512 bytes).
    Removing usart1.o(.data), (12 bytes).

6 unused section(s) (total 3324 bytes) removed from the image.

==============================================================================

Image Symbol Table

    Local Symbols

    Symbol Name                              Value     Ov Type        Size  Object(Section)

    ../clib/microlib/division.c              0x00000000   Number         0  uidiv.o ABSOLUTE
    ../clib/microlib/division.c              0x00000000   Number         0  uldiv.o ABSOLUTE
    ../clib/microlib/init/entry.s            0x00000000   Number         0  entry2.o ABSOLUTE
    ../clib/microlib/init/entry.s            0x00000000   Number         0  entry.o ABSOLUTE
    ../clib/microlib/init/entry.s            0x00000000   Number         0  entry7b.o ABSOLUTE
    ../clib/microlib/init/entry.s            0x00000000   Number         0  entry5.o ABSOLUTE
    ../clib/microlib/init/entry.s            0x00000000   Number         0  entry8.o ABSOLUTE
    ../clib/microlib/init/entry.s            0x00000000   Number         0  entry7a.o ABSOLUTE
    ../clib/microlib/longlong.c              0x00000000   Number         0  llushr.o ABSOLUTE
    ../clib/microlib/longlong.c              0x00000000   Number         0  llsshr.o ABSOLUTE
    ../clib/microlib/longlong.c              0x00000000   Number         0  llshl.o ABSOLUTE
    ../clib/microlib/printf/printf.c         0x00000000   Number         0  printf0.o ABSOLUTE
    ../clib/microlib/printf/printf.c         0x00000000   Number         0  printf8.o ABSOLUTE
    ../clib/microlib/printf/printf.c         0x00000000   Number         0  printf3.o ABSOLUTE
    ../clib/microlib/printf/printf.c         0x00000000   Number         0  printf1.o ABSOLUTE
    ../clib/microlib/printf/printf.c         0x00000000   Number         0  printf7.o ABSOLUTE
    ../clib/microlib/printf/printf.c         0x00000000   Number         0  printfb.o ABSOLUTE
    ../clib/microlib/printf/printf.c         0x00000000   Number         0  printfa.o ABSOLUTE
    ../clib/microlib/printf/printf.c         0x00000000   Number         0  printf2.o ABSOLUTE
    ../clib/microlib/printf/printf.c         0x00000000   Number         0  printf5.o ABSOLUTE
    ../clib/microlib/printf/printf.c         0x00000000   Number         0  printf6.o ABSOLUTE
    ../clib/microlib/printf/printf.c         0x00000000   Number         0  printf4.o ABSOLUTE
    ../clib/microlib/printf/stubs.s          0x00000000   Number         0  stubs.o ABSOLUTE
    ../clib/microlib/stdio/streams.c         0x00000000   Number         0  stdout.o ABSOLUTE
    ../clib/microlib/string/memcpy.c         0x00000000   Number         0  memcpyb.o ABSOLUTE
    ../clib/microlib/string/memcpy.c         0x00000000   Number         0  memcpya.o ABSOLUTE
    ../clib/microlib/string/memset.c         0x00000000   Number         0  memseta.o ABSOLUTE
    ../clib/microlib/string/strcat.c         0x00000000   Number         0  strcat.o ABSOLUTE
    ../clib/microlib/string/strlen.c         0x00000000   Number         0  strlen.o ABSOLUTE
    ../clib/microlib/string/strstr.c         0x00000000   Number         0  strstr.o ABSOLUTE
    ../clib/microlib/stubs.s                 0x00000000   Number         0  iusefp.o ABSOLUTE
    ../fplib/microlib/d2f.c                  0x00000000   Number         0  d2f.o ABSOLUTE
    ../fplib/microlib/f2d.c                  0x00000000   Number         0  f2d.o ABSOLUTE
    ../fplib/microlib/fpadd.c                0x00000000   Number         0  dadd.o ABSOLUTE
    ../fplib/microlib/fpdiv.c                0x00000000   Number         0  ddiv.o ABSOLUTE
    ../fplib/microlib/fpepilogue.c           0x00000000   Number         0  fepilogue.o ABSOLUTE
    ../fplib/microlib/fpepilogue.c           0x00000000   Number         0  depilogue.o ABSOLUTE
    ../fplib/microlib/fpfix.c                0x00000000   Number         0  dfixul.o ABSOLUTE
    ../fplib/microlib/fpfix.c                0x00000000   Number         0  ffixui.o ABSOLUTE
    ../fplib/microlib/fpflt.c                0x00000000   Number         0  ffltui.o ABSOLUTE
    ../fplib/microlib/fpflt.c                0x00000000   Number         0  fflti.o ABSOLUTE
    ../fplib/microlib/fpmul.c                0x00000000   Number         0  dmul.o ABSOLUTE
    ..\Devices\LED.c                         0x00000000   Number         0  led.o ABSOLUTE
    ..\Devices\Relay.c                       0x00000000   Number         0  relay.o ABSOLUTE
    ..\Devices\hal_i2c.c                     0x00000000   Number         0  hal_i2c.o ABSOLUTE
    ..\Devices\sht20.c                       0x00000000   Number         0  sht20.o ABSOLUTE
    ..\Hal\usart1.c                          0x00000000   Number         0  usart1.o ABSOLUTE
    ..\Hal\usart2.c                          0x00000000   Number         0  usart2.o ABSOLUTE
    ..\Libraries\CMSIS\core_cm3.c            0x00000000   Number         0  core_cm3.o ABSOLUTE
    ..\Libraries\CMSIS\startup\arm\startup_stm32f10x_hd.s 0x00000000   Number         0  startup_stm32f10x_hd.o ABSOLUTE
    ..\Libraries\CMSIS\system_stm32f10x.c    0x00000000   Number         0  system_stm32f10x.o ABSOLUTE
    ..\Libraries\STM32F10x_StdPeriph_Driver\src\misc.c 0x00000000   Number         0  misc.o ABSOLUTE
    ..\Libraries\STM32F10x_StdPeriph_Driver\src\stm32f10x_exti.c 0x00000000   Number         0  stm32f10x_exti.o ABSOLUTE
    ..\Libraries\STM32F10x_StdPeriph_Driver\src\stm32f10x_flash.c 0x00000000   Number         0  stm32f10x_flash.o ABSOLUTE
    ..\Libraries\STM32F10x_StdPeriph_Driver\src\stm32f10x_gpio.c 0x00000000   Number         0  stm32f10x_gpio.o ABSOLUTE
    ..\Libraries\STM32F10x_StdPeriph_Driver\src\stm32f10x_i2c.c 0x00000000   Number         0  stm32f10x_i2c.o ABSOLUTE
    ..\Libraries\STM32F10x_StdPeriph_Driver\src\stm32f10x_rcc.c 0x00000000   Number         0  stm32f10x_rcc.o ABSOLUTE
    ..\Libraries\STM32F10x_StdPeriph_Driver\src\stm32f10x_usart.c 0x00000000   Number         0  stm32f10x_usart.o ABSOLUTE
    ..\Network\esp8266\esp8266.c             0x00000000   Number         0  esp8266.o ABSOLUTE
    ..\Protocol\http\HTTP_Demo.c             0x00000000   Number         0  http_demo.o ABSOLUTE
    ..\User\main.c                           0x00000000   Number         0  main.o ABSOLUTE
    ..\User\stm32f10x_it.c                   0x00000000   Number         0  stm32f10x_it.o ABSOLUTE
    ..\Utils\utils.c                         0x00000000   Number         0  utils.o ABSOLUTE
    ..\\Libraries\\CMSIS\\core_cm3.c         0x00000000   Number         0  core_cm3.o ABSOLUTE
    cdrcmple.s                               0x00000000   Number         0  cdrcmple.o ABSOLUTE
    dc.s                                     0x00000000   Number         0  dc.o ABSOLUTE
    handlers.s                               0x00000000   Number         0  handlers.o ABSOLUTE
    init.s                                   0x00000000   Number         0  init.o ABSOLUTE
    RESET                                    0x08000000   Section      304  startup_stm32f10x_hd.o(RESET)
    .ARM.Collect$$$$00000000                 0x08000130   Section        0  entry.o(.ARM.Collect$$$$00000000)
    .ARM.Collect$$$$00000001                 0x08000130   Section        4  entry2.o(.ARM.Collect$$$$00000001)
    .ARM.Collect$$$$00000004                 0x08000134   Section        4  entry5.o(.ARM.Collect$$$$00000004)
    .ARM.Collect$$$$00000008                 0x08000138   Section        0  entry7b.o(.ARM.Collect$$$$00000008)
    .ARM.Collect$$$$00000009                 0x08000138   Section        8  entry8.o(.ARM.Collect$$$$00000009)
    .ARM.Collect$$$$00002712                 0x08000140   Section        4  entry2.o(.ARM.Collect$$$$00002712)
    __lit__00000000                          0x08000140   Data           4  entry2.o(.ARM.Collect$$$$00002712)
    .text                                    0x08000144   Section        0  system_stm32f10x.o(.text)
    SetSysClockTo72                          0x08000145   Thumb Code   192  system_stm32f10x.o(.text)
    SetSysClock                              0x08000205   Thumb Code     8  system_stm32f10x.o(.text)
    .text                                    0x08000314   Section       36  startup_stm32f10x_hd.o(.text)
    .text                                    0x08000338   Section        0  main.o(.text)
    .text                                    0x08000504   Section        0  stm32f10x_it.o(.text)
    .text                                    0x08000578   Section        0  misc.o(.text)
    .text                                    0x08000654   Section        0  stm32f10x_gpio.o(.text)
    .text                                    0x080009ac   Section        0  stm32f10x_i2c.o(.text)
    .text                                    0x08000d98   Section        0  stm32f10x_rcc.o(.text)
    .text                                    0x0800113c   Section        0  stm32f10x_usart.o(.text)
    .text                                    0x08001544   Section        0  hal_i2c.o(.text)
    .text                                    0x08001864   Section        0  sht20.o(.text)
    .text                                    0x08001f2c   Section        0  led.o(.text)
    .text                                    0x08001f70   Section        0  relay.o(.text)
    .text                                    0x08001f9c   Section        0  usart1.o(.text)
    .text                                    0x08002090   Section        0  usart2.o(.text)
    .text                                    0x08002214   Section        0  http_demo.o(.text)
    .text                                    0x08002338   Section        0  utils.o(.text)
    .text                                    0x080023f8   Section        0  esp8266.o(.text)
    .text                                    0x0800254c   Section        0  memcpya.o(.text)
    .text                                    0x08002570   Section        0  memseta.o(.text)
    .text                                    0x08002594   Section        0  strcat.o(.text)
    .text                                    0x080025b0   Section        0  strstr.o(.text)
    .text                                    0x080025dc   Section        0  strlen.o(.text)
    .text                                    0x080025ec   Section        0  dadd.o(.text)
    .text                                    0x0800273a   Section        0  dmul.o(.text)
    .text                                    0x0800281e   Section        0  fflti.o(.text)
    .text                                    0x08002830   Section        0  ffltui.o(.text)
    .text                                    0x0800283a   Section        0  ffixui.o(.text)
    .text                                    0x08002862   Section        0  f2d.o(.text)
    .text                                    0x08002888   Section        0  d2f.o(.text)
    .text                                    0x080028c0   Section        0  uidiv.o(.text)
    .text                                    0x080028ec   Section        0  uldiv.o(.text)
    .text                                    0x0800294e   Section        0  llshl.o(.text)
    .text                                    0x0800296c   Section        0  llsshr.o(.text)
    .text                                    0x08002990   Section        0  fepilogue.o(.text)
    .text                                    0x08002990   Section        0  iusefp.o(.text)
    .text                                    0x080029fc   Section        0  depilogue.o(.text)
    .text                                    0x08002aba   Section        0  ddiv.o(.text)
    .text                                    0x08002b98   Section        0  dfixul.o(.text)
    .text                                    0x08002bc8   Section       40  cdrcmple.o(.text)
    .text                                    0x08002bf0   Section       36  init.o(.text)
    .text                                    0x08002c14   Section        0  llushr.o(.text)
    i.__0printf                              0x08002c34   Section        0  printfa.o(i.__0printf)
    i.__0sprintf                             0x08002c54   Section        0  printfa.o(i.__0sprintf)
    i.__scatterload_copy                     0x08002c7c   Section       14  handlers.o(i.__scatterload_copy)
    i.__scatterload_null                     0x08002c8a   Section        2  handlers.o(i.__scatterload_null)
    i.__scatterload_zeroinit                 0x08002c8c   Section       14  handlers.o(i.__scatterload_zeroinit)
    i._fp_digits                             0x08002c9c   Section        0  printfa.o(i._fp_digits)
    _fp_digits                               0x08002c9d   Thumb Code   326  printfa.o(i._fp_digits)
    i._printf_core                           0x08002df8   Section        0  printfa.o(i._printf_core)
    _printf_core                             0x08002df9   Thumb Code  1762  printfa.o(i._printf_core)
    i._printf_post_padding                   0x080034e8   Section        0  printfa.o(i._printf_post_padding)
    _printf_post_padding                     0x080034e9   Thumb Code    38  printfa.o(i._printf_post_padding)
    i._printf_pre_padding                    0x0800350e   Section        0  printfa.o(i._printf_pre_padding)
    _printf_pre_padding                      0x0800350f   Thumb Code    48  printfa.o(i._printf_pre_padding)
    i._sputc                                 0x0800353e   Section        0  printfa.o(i._sputc)
    _sputc                                   0x0800353f   Thumb Code    10  printfa.o(i._sputc)
    .constdata                               0x08003548   Section      158  hal_i2c.o(.constdata)
    __func__                                 0x08003548   Data          23  hal_i2c.o(.constdata)
    __func__                                 0x0800355f   Data          13  hal_i2c.o(.constdata)
    __func__                                 0x0800356c   Data          23  hal_i2c.o(.constdata)
    .constdata                               0x080035e6   Section       51  sht20.o(.constdata)
    __func__                                 0x080035e8   Data          16  sht20.o(.constdata)
    __func__                                 0x080035f8   Data          11  sht20.o(.constdata)
    __func__                                 0x08003603   Data          22  sht20.o(.constdata)
    .constdata                               0x08003619   Section        8  usart2.o(.constdata)
    __func__                                 0x08003619   Data           8  usart2.o(.constdata)
    .constdata                               0x08003621   Section      512  utils.o(.constdata)
    aucCRCHi                                 0x08003621   Data         256  utils.o(.constdata)
    aucCRCLo                                 0x08003721   Data         256  utils.o(.constdata)
    .data                                    0x20000000   Section       20  system_stm32f10x.o(.data)
    .data                                    0x20000014   Section       20  stm32f10x_rcc.o(.data)
    APBAHBPrescTable                         0x20000014   Data          16  stm32f10x_rcc.o(.data)
    ADCPrescTable                            0x20000024   Data           4  stm32f10x_rcc.o(.data)
    .data                                    0x20000028   Section        8  usart2.o(.data)
    .data                                    0x20000030   Section        4  stdout.o(.data)
    .bss                                     0x20000034   Section     1024  usart2.o(.bss)
    STACK                                    0x20000438   Section     1024  startup_stm32f10x_hd.o(STACK)

    Global Symbols

    Symbol Name                              Value     Ov Type        Size  Object(Section)

    BuildAttributes$$THM_ISAv4$P$D$K$B$S$PE$A:L22UL41UL21$X:L11$S22US41US21$IEEE1$IW$USESV6$~STKCKD$USESV7$~SHL$OTIME$ROPI$EBA8$MICROLIB$REQ8$PRES8$EABIv2 0x00000000   Number         0  anon$$obj.o ABSOLUTE
    __ARM_use_no_argv                        0x00000000   Number         0  main.o ABSOLUTE
    _printf_a                                0x00000000   Number         0  stubs.o ABSOLUTE
    _printf_c                                0x00000000   Number         0  stubs.o ABSOLUTE
    _printf_charcount                        0x00000000   Number         0  stubs.o ABSOLUTE
    _printf_d                                0x00000000   Number         0  stubs.o ABSOLUTE
    _printf_e                                0x00000000   Number         0  stubs.o ABSOLUTE
    _printf_f                                0x00000000   Number         0  stubs.o ABSOLUTE
    _printf_flags                            0x00000000   Number         0  stubs.o ABSOLUTE
    _printf_fp_dec                           0x00000000   Number         0  stubs.o ABSOLUTE
    _printf_fp_hex                           0x00000000   Number         0  stubs.o ABSOLUTE
    _printf_g                                0x00000000   Number         0  stubs.o ABSOLUTE
    _printf_i                                0x00000000   Number         0  stubs.o ABSOLUTE
    _printf_int_dec                          0x00000000   Number         0  stubs.o ABSOLUTE
    _printf_l                                0x00000000   Number         0  stubs.o ABSOLUTE
    _printf_lc                               0x00000000   Number         0  stubs.o ABSOLUTE
    _printf_ll                               0x00000000   Number         0  stubs.o ABSOLUTE
    _printf_lld                              0x00000000   Number         0  stubs.o ABSOLUTE
    _printf_lli                              0x00000000   Number         0  stubs.o ABSOLUTE
    _printf_llo                              0x00000000   Number         0  stubs.o ABSOLUTE
    _printf_llu                              0x00000000   Number         0  stubs.o ABSOLUTE
    _printf_llx                              0x00000000   Number         0  stubs.o ABSOLUTE
    _printf_longlong_dec                     0x00000000   Number         0  stubs.o ABSOLUTE
    _printf_longlong_hex                     0x00000000   Number         0  stubs.o ABSOLUTE
    _printf_longlong_oct                     0x00000000   Number         0  stubs.o ABSOLUTE
    _printf_ls                               0x00000000   Number         0  stubs.o ABSOLUTE
    _printf_mbtowc                           0x00000000   Number         0  stubs.o ABSOLUTE
    _printf_n                                0x00000000   Number         0  stubs.o ABSOLUTE
    _printf_o                                0x00000000   Number         0  stubs.o ABSOLUTE
    _printf_p                                0x00000000   Number         0  stubs.o ABSOLUTE
    _printf_percent                          0x00000000   Number         0  stubs.o ABSOLUTE
    _printf_pre_padding                      0x00000000   Number         0  stubs.o ABSOLUTE
    _printf_return_value                     0x00000000   Number         0  stubs.o ABSOLUTE
    _printf_s                                0x00000000   Number         0  stubs.o ABSOLUTE
    _printf_sizespec                         0x00000000   Number         0  stubs.o ABSOLUTE
    _printf_str                              0x00000000   Number         0  stubs.o ABSOLUTE
    _printf_truncate_signed                  0x00000000   Number         0  stubs.o ABSOLUTE
    _printf_truncate_unsigned                0x00000000   Number         0  stubs.o ABSOLUTE
    _printf_u                                0x00000000   Number         0  stubs.o ABSOLUTE
    _printf_wc                               0x00000000   Number         0  stubs.o ABSOLUTE
    _printf_wctomb                           0x00000000   Number         0  stubs.o ABSOLUTE
    _printf_widthprec                        0x00000000   Number         0  stubs.o ABSOLUTE
    _printf_x                                0x00000000   Number         0  stubs.o ABSOLUTE
    __decompress                              - Undefined Weak Reference
    _clock_init                               - Undefined Weak Reference
    __Vectors_Size                           0x00000130   Number         0  startup_stm32f10x_hd.o ABSOLUTE
    __Vectors                                0x08000000   Data           4  startup_stm32f10x_hd.o(RESET)
    __Vectors_End                            0x08000130   Data           0  startup_stm32f10x_hd.o(RESET)
    __main                                   0x08000131   Thumb Code     0  entry.o(.ARM.Collect$$$$00000000)
    _main_stk                                0x08000131   Thumb Code     0  entry2.o(.ARM.Collect$$$$00000001)
    _main_scatterload                        0x08000135   Thumb Code     0  entry5.o(.ARM.Collect$$$$00000004)
    __main_after_scatterload                 0x08000139   Thumb Code     0  entry5.o(.ARM.Collect$$$$00000004)
    _main_clock                              0x08000139   Thumb Code     0  entry7b.o(.ARM.Collect$$$$00000008)
    _main_init                               0x08000139   Thumb Code     0  entry8.o(.ARM.Collect$$$$00000009)
    SystemInit                               0x0800020d   Thumb Code    78  system_stm32f10x.o(.text)
    SystemCoreClockUpdate                    0x0800025b   Thumb Code   142  system_stm32f10x.o(.text)
    Reset_Handler                            0x08000315   Thumb Code     8  startup_stm32f10x_hd.o(.text)
    ADC1_2_IRQHandler                        0x0800032f   Thumb Code     0  startup_stm32f10x_hd.o(.text)
    ADC3_IRQHandler                          0x0800032f   Thumb Code     0  startup_stm32f10x_hd.o(.text)
    CAN1_RX1_IRQHandler                      0x0800032f   Thumb Code     0  startup_stm32f10x_hd.o(.text)
    CAN1_SCE_IRQHandler                      0x0800032f   Thumb Code     0  startup_stm32f10x_hd.o(.text)
    DMA1_Channel1_IRQHandler                 0x0800032f   Thumb Code     0  startup_stm32f10x_hd.o(.text)
    DMA1_Channel2_IRQHandler                 0x0800032f   Thumb Code     0  startup_stm32f10x_hd.o(.text)
    DMA1_Channel3_IRQHandler                 0x0800032f   Thumb Code     0  startup_stm32f10x_hd.o(.text)
    DMA1_Channel4_IRQHandler                 0x0800032f   Thumb Code     0  startup_stm32f10x_hd.o(.text)
    DMA1_Channel5_IRQHandler                 0x0800032f   Thumb Code     0  startup_stm32f10x_hd.o(.text)
    DMA1_Channel6_IRQHandler                 0x0800032f   Thumb Code     0  startup_stm32f10x_hd.o(.text)
    DMA1_Channel7_IRQHandler                 0x0800032f   Thumb Code     0  startup_stm32f10x_hd.o(.text)
    DMA2_Channel1_IRQHandler                 0x0800032f   Thumb Code     0  startup_stm32f10x_hd.o(.text)
    DMA2_Channel2_IRQHandler                 0x0800032f   Thumb Code     0  startup_stm32f10x_hd.o(.text)
    DMA2_Channel3_IRQHandler                 0x0800032f   Thumb Code     0  startup_stm32f10x_hd.o(.text)
    DMA2_Channel4_5_IRQHandler               0x0800032f   Thumb Code     0  startup_stm32f10x_hd.o(.text)
    EXTI15_10_IRQHandler                     0x0800032f   Thumb Code     0  startup_stm32f10x_hd.o(.text)
    EXTI1_IRQHandler                         0x0800032f   Thumb Code     0  startup_stm32f10x_hd.o(.text)
    EXTI2_IRQHandler                         0x0800032f   Thumb Code     0  startup_stm32f10x_hd.o(.text)
    EXTI3_IRQHandler                         0x0800032f   Thumb Code     0  startup_stm32f10x_hd.o(.text)
    EXTI4_IRQHandler                         0x0800032f   Thumb Code     0  startup_stm32f10x_hd.o(.text)
    EXTI9_5_IRQHandler                       0x0800032f   Thumb Code     0  startup_stm32f10x_hd.o(.text)
    FLASH_IRQHandler                         0x0800032f   Thumb Code     0  startup_stm32f10x_hd.o(.text)
    FSMC_IRQHandler                          0x0800032f   Thumb Code     0  startup_stm32f10x_hd.o(.text)
    I2C1_ER_IRQHandler                       0x0800032f   Thumb Code     0  startup_stm32f10x_hd.o(.text)
    I2C1_EV_IRQHandler                       0x0800032f   Thumb Code     0  startup_stm32f10x_hd.o(.text)
    I2C2_ER_IRQHandler                       0x0800032f   Thumb Code     0  startup_stm32f10x_hd.o(.text)
    I2C2_EV_IRQHandler                       0x0800032f   Thumb Code     0  startup_stm32f10x_hd.o(.text)
    PVD_IRQHandler                           0x0800032f   Thumb Code     0  startup_stm32f10x_hd.o(.text)
    RCC_IRQHandler                           0x0800032f   Thumb Code     0  startup_stm32f10x_hd.o(.text)
    RTCAlarm_IRQHandler                      0x0800032f   Thumb Code     0  startup_stm32f10x_hd.o(.text)
    SDIO_IRQHandler                          0x0800032f   Thumb Code     0  startup_stm32f10x_hd.o(.text)
    SPI1_IRQHandler                          0x0800032f   Thumb Code     0  startup_stm32f10x_hd.o(.text)
    SPI2_IRQHandler                          0x0800032f   Thumb Code     0  startup_stm32f10x_hd.o(.text)
    SPI3_IRQHandler                          0x0800032f   Thumb Code     0  startup_stm32f10x_hd.o(.text)
    TAMPER_IRQHandler                        0x0800032f   Thumb Code     0  startup_stm32f10x_hd.o(.text)
    TIM1_BRK_IRQHandler                      0x0800032f   Thumb Code     0  startup_stm32f10x_hd.o(.text)
    TIM1_CC_IRQHandler                       0x0800032f   Thumb Code     0  startup_stm32f10x_hd.o(.text)
    TIM1_TRG_COM_IRQHandler                  0x0800032f   Thumb Code     0  startup_stm32f10x_hd.o(.text)
    TIM1_UP_IRQHandler                       0x0800032f   Thumb Code     0  startup_stm32f10x_hd.o(.text)
    TIM2_IRQHandler                          0x0800032f   Thumb Code     0  startup_stm32f10x_hd.o(.text)
    TIM3_IRQHandler                          0x0800032f   Thumb Code     0  startup_stm32f10x_hd.o(.text)
    TIM4_IRQHandler                          0x0800032f   Thumb Code     0  startup_stm32f10x_hd.o(.text)
    TIM5_IRQHandler                          0x0800032f   Thumb Code     0  startup_stm32f10x_hd.o(.text)
    TIM6_IRQHandler                          0x0800032f   Thumb Code     0  startup_stm32f10x_hd.o(.text)
    TIM7_IRQHandler                          0x0800032f   Thumb Code     0  startup_stm32f10x_hd.o(.text)
    TIM8_BRK_IRQHandler                      0x0800032f   Thumb Code     0  startup_stm32f10x_hd.o(.text)
    TIM8_CC_IRQHandler                       0x0800032f   Thumb Code     0  startup_stm32f10x_hd.o(.text)
    TIM8_TRG_COM_IRQHandler                  0x0800032f   Thumb Code     0  startup_stm32f10x_hd.o(.text)
    TIM8_UP_IRQHandler                       0x0800032f   Thumb Code     0  startup_stm32f10x_hd.o(.text)
    UART4_IRQHandler                         0x0800032f   Thumb Code     0  startup_stm32f10x_hd.o(.text)
    UART5_IRQHandler                         0x0800032f   Thumb Code     0  startup_stm32f10x_hd.o(.text)
    USART3_IRQHandler                        0x0800032f   Thumb Code     0  startup_stm32f10x_hd.o(.text)
    USBWakeUp_IRQHandler                     0x0800032f   Thumb Code     0  startup_stm32f10x_hd.o(.text)
    USB_HP_CAN1_TX_IRQHandler                0x0800032f   Thumb Code     0  startup_stm32f10x_hd.o(.text)
    USB_LP_CAN1_RX0_IRQHandler               0x0800032f   Thumb Code     0  startup_stm32f10x_hd.o(.text)
    WWDG_IRQHandler                          0x0800032f   Thumb Code     0  startup_stm32f10x_hd.o(.text)
    main                                     0x08000339   Thumb Code   318  main.o(.text)
    NMI_Handler                              0x08000505   Thumb Code     2  stm32f10x_it.o(.text)
    HardFault_Handler                        0x08000507   Thumb Code     4  stm32f10x_it.o(.text)
    MemManage_Handler                        0x0800050b   Thumb Code     4  stm32f10x_it.o(.text)
    BusFault_Handler                         0x0800050f   Thumb Code     4  stm32f10x_it.o(.text)
    UsageFault_Handler                       0x08000513   Thumb Code     4  stm32f10x_it.o(.text)
    SVC_Handler                              0x08000517   Thumb Code     2  stm32f10x_it.o(.text)
    DebugMon_Handler                         0x08000519   Thumb Code     2  stm32f10x_it.o(.text)
    PendSV_Handler                           0x0800051b   Thumb Code     2  stm32f10x_it.o(.text)
    SysTick_Handler                          0x0800051d   Thumb Code     2  stm32f10x_it.o(.text)
    EXTI0_IRQHandler                         0x0800051f   Thumb Code     2  stm32f10x_it.o(.text)
    USART1_IRQHandler                        0x08000521   Thumb Code     2  stm32f10x_it.o(.text)
    USART2_IRQHandler                        0x08000523   Thumb Code    70  stm32f10x_it.o(.text)
    RTC_IRQHandler                           0x08000569   Thumb Code     2  stm32f10x_it.o(.text)
    NVIC_PriorityGroupConfig                 0x08000579   Thumb Code    10  misc.o(.text)
    NVIC_Init                                0x08000583   Thumb Code   102  misc.o(.text)
    NVIC_SetVectorTable                      0x080005e9   Thumb Code    14  misc.o(.text)
    NVIC_SystemLPConfig                      0x080005f7   Thumb Code    34  misc.o(.text)
    SysTick_CLKSourceConfig                  0x08000619   Thumb Code    40  misc.o(.text)
    GPIO_DeInit                              0x08000655   Thumb Code   172  stm32f10x_gpio.o(.text)
    GPIO_AFIODeInit                          0x08000701   Thumb Code    20  stm32f10x_gpio.o(.text)
    GPIO_Init                                0x08000715   Thumb Code   274  stm32f10x_gpio.o(.text)
    GPIO_StructInit                          0x08000827   Thumb Code    16  stm32f10x_gpio.o(.text)
    GPIO_ReadInputDataBit                    0x08000837   Thumb Code    18  stm32f10x_gpio.o(.text)
    GPIO_ReadInputData                       0x08000849   Thumb Code     8  stm32f10x_gpio.o(.text)
    GPIO_ReadOutputDataBit                   0x08000851   Thumb Code    18  stm32f10x_gpio.o(.text)
    GPIO_ReadOutputData                      0x08000863   Thumb Code     8  stm32f10x_gpio.o(.text)
    GPIO_SetBits                             0x0800086b   Thumb Code     4  stm32f10x_gpio.o(.text)
    GPIO_ResetBits                           0x0800086f   Thumb Code     4  stm32f10x_gpio.o(.text)
    GPIO_WriteBit                            0x08000873   Thumb Code    10  stm32f10x_gpio.o(.text)
    GPIO_Write                               0x0800087d   Thumb Code     4  stm32f10x_gpio.o(.text)
    GPIO_PinLockConfig                       0x08000881   Thumb Code    18  stm32f10x_gpio.o(.text)
    GPIO_EventOutputConfig                   0x08000893   Thumb Code    26  stm32f10x_gpio.o(.text)
    GPIO_EventOutputCmd                      0x080008ad   Thumb Code     6  stm32f10x_gpio.o(.text)
    GPIO_PinRemapConfig                      0x080008b3   Thumb Code   138  stm32f10x_gpio.o(.text)
    GPIO_EXTILineConfig                      0x0800093d   Thumb Code    66  stm32f10x_gpio.o(.text)
    GPIO_ETH_MediaInterfaceConfig            0x0800097f   Thumb Code     6  stm32f10x_gpio.o(.text)
    I2C_DeInit                               0x080009ad   Thumb Code    50  stm32f10x_i2c.o(.text)
    I2C_Init                                 0x080009df   Thumb Code   222  stm32f10x_i2c.o(.text)
    I2C_StructInit                           0x08000abd   Thumb Code    30  stm32f10x_i2c.o(.text)
    I2C_Cmd                                  0x08000adb   Thumb Code    24  stm32f10x_i2c.o(.text)
    I2C_DMACmd                               0x08000af3   Thumb Code    24  stm32f10x_i2c.o(.text)
    I2C_DMALastTransferCmd                   0x08000b0b   Thumb Code    24  stm32f10x_i2c.o(.text)
    I2C_GenerateSTART                        0x08000b23   Thumb Code    24  stm32f10x_i2c.o(.text)
    I2C_GenerateSTOP                         0x08000b3b   Thumb Code    24  stm32f10x_i2c.o(.text)
    I2C_AcknowledgeConfig                    0x08000b53   Thumb Code    24  stm32f10x_i2c.o(.text)
    I2C_OwnAddress2Config                    0x08000b6b   Thumb Code    22  stm32f10x_i2c.o(.text)
    I2C_DualAddressCmd                       0x08000b81   Thumb Code    24  stm32f10x_i2c.o(.text)
    I2C_GeneralCallCmd                       0x08000b99   Thumb Code    24  stm32f10x_i2c.o(.text)
    I2C_ITConfig                             0x08000bb1   Thumb Code    18  stm32f10x_i2c.o(.text)
    I2C_SendData                             0x08000bc3   Thumb Code     4  stm32f10x_i2c.o(.text)
    I2C_ReceiveData                          0x08000bc7   Thumb Code     8  stm32f10x_i2c.o(.text)
    I2C_Send7bitAddress                      0x08000bcf   Thumb Code    18  stm32f10x_i2c.o(.text)
    I2C_ReadRegister                         0x08000be1   Thumb Code    12  stm32f10x_i2c.o(.text)
    I2C_SoftwareResetCmd                     0x08000bed   Thumb Code    22  stm32f10x_i2c.o(.text)
    I2C_NACKPositionConfig                   0x08000c03   Thumb Code    28  stm32f10x_i2c.o(.text)
    I2C_SMBusAlertConfig                     0x08000c1f   Thumb Code    28  stm32f10x_i2c.o(.text)
    I2C_TransmitPEC                          0x08000c3b   Thumb Code    24  stm32f10x_i2c.o(.text)
    I2C_PECPositionConfig                    0x08000c53   Thumb Code    28  stm32f10x_i2c.o(.text)
    I2C_CalculatePEC                         0x08000c6f   Thumb Code    24  stm32f10x_i2c.o(.text)
    I2C_GetPEC                               0x08000c87   Thumb Code     8  stm32f10x_i2c.o(.text)
    I2C_ARPCmd                               0x08000c8f   Thumb Code    24  stm32f10x_i2c.o(.text)
    I2C_StretchClockCmd                      0x08000ca7   Thumb Code    24  stm32f10x_i2c.o(.text)
    I2C_FastModeDutyCycleConfig              0x08000cbf   Thumb Code    28  stm32f10x_i2c.o(.text)
    I2C_CheckEvent                           0x08000cdb   Thumb Code    42  stm32f10x_i2c.o(.text)
    I2C_GetLastEvent                         0x08000d05   Thumb Code    26  stm32f10x_i2c.o(.text)
    I2C_GetFlagStatus                        0x08000d1f   Thumb Code    42  stm32f10x_i2c.o(.text)
    I2C_ClearFlag                            0x08000d49   Thumb Code    12  stm32f10x_i2c.o(.text)
    I2C_GetITStatus                          0x08000d55   Thumb Code    38  stm32f10x_i2c.o(.text)
    I2C_ClearITPendingBit                    0x08000d7b   Thumb Code    12  stm32f10x_i2c.o(.text)
    RCC_DeInit                               0x08000d99   Thumb Code    64  stm32f10x_rcc.o(.text)
    RCC_HSEConfig                            0x08000dd9   Thumb Code    70  stm32f10x_rcc.o(.text)
    RCC_GetFlagStatus                        0x08000e1f   Thumb Code    56  stm32f10x_rcc.o(.text)
    RCC_WaitForHSEStartUp                    0x08000e57   Thumb Code    48  stm32f10x_rcc.o(.text)
    RCC_AdjustHSICalibrationValue            0x08000e87   Thumb Code    20  stm32f10x_rcc.o(.text)
    RCC_HSICmd                               0x08000e9b   Thumb Code     6  stm32f10x_rcc.o(.text)
    RCC_PLLConfig                            0x08000ea1   Thumb Code    24  stm32f10x_rcc.o(.text)
    RCC_PLLCmd                               0x08000eb9   Thumb Code     6  stm32f10x_rcc.o(.text)
    RCC_SYSCLKConfig                         0x08000ebf   Thumb Code    18  stm32f10x_rcc.o(.text)
    RCC_GetSYSCLKSource                      0x08000ed1   Thumb Code    10  stm32f10x_rcc.o(.text)
    RCC_HCLKConfig                           0x08000edb   Thumb Code    18  stm32f10x_rcc.o(.text)
    RCC_PCLK1Config                          0x08000eed   Thumb Code    18  stm32f10x_rcc.o(.text)
    RCC_PCLK2Config                          0x08000eff   Thumb Code    20  stm32f10x_rcc.o(.text)
    RCC_ITConfig                             0x08000f13   Thumb Code    26  stm32f10x_rcc.o(.text)
    RCC_USBCLKConfig                         0x08000f2d   Thumb Code     6  stm32f10x_rcc.o(.text)
    RCC_ADCCLKConfig                         0x08000f33   Thumb Code    18  stm32f10x_rcc.o(.text)
    RCC_LSEConfig                            0x08000f45   Thumb Code    44  stm32f10x_rcc.o(.text)
    RCC_LSICmd                               0x08000f71   Thumb Code     6  stm32f10x_rcc.o(.text)
    RCC_RTCCLKConfig                         0x08000f77   Thumb Code    12  stm32f10x_rcc.o(.text)
    RCC_RTCCLKCmd                            0x08000f83   Thumb Code     8  stm32f10x_rcc.o(.text)
    RCC_GetClocksFreq                        0x08000f8b   Thumb Code   192  stm32f10x_rcc.o(.text)
    RCC_AHBPeriphClockCmd                    0x0800104b   Thumb Code    26  stm32f10x_rcc.o(.text)
    RCC_APB2PeriphClockCmd                   0x08001065   Thumb Code    26  stm32f10x_rcc.o(.text)
    RCC_APB1PeriphClockCmd                   0x0800107f   Thumb Code    26  stm32f10x_rcc.o(.text)
    RCC_APB2PeriphResetCmd                   0x08001099   Thumb Code    26  stm32f10x_rcc.o(.text)
    RCC_APB1PeriphResetCmd                   0x080010b3   Thumb Code    26  stm32f10x_rcc.o(.text)
    RCC_BackupResetCmd                       0x080010cd   Thumb Code     8  stm32f10x_rcc.o(.text)
    RCC_ClockSecuritySystemCmd               0x080010d5   Thumb Code     6  stm32f10x_rcc.o(.text)
    RCC_MCOConfig                            0x080010db   Thumb Code     6  stm32f10x_rcc.o(.text)
    RCC_ClearFlag                            0x080010e1   Thumb Code    14  stm32f10x_rcc.o(.text)
    RCC_GetITStatus                          0x080010ef   Thumb Code    20  stm32f10x_rcc.o(.text)
    RCC_ClearITPendingBit                    0x08001103   Thumb Code     6  stm32f10x_rcc.o(.text)
    USART_DeInit                             0x0800113d   Thumb Code   134  stm32f10x_usart.o(.text)
    USART_Init                               0x080011c3   Thumb Code   210  stm32f10x_usart.o(.text)
    USART_StructInit                         0x08001295   Thumb Code    24  stm32f10x_usart.o(.text)
    USART_ClockInit                          0x080012ad   Thumb Code    34  stm32f10x_usart.o(.text)
    USART_ClockStructInit                    0x080012cf   Thumb Code    12  stm32f10x_usart.o(.text)
    USART_Cmd                                0x080012db   Thumb Code    24  stm32f10x_usart.o(.text)
    USART_ITConfig                           0x080012f3   Thumb Code    74  stm32f10x_usart.o(.text)
    USART_DMACmd                             0x0800133d   Thumb Code    18  stm32f10x_usart.o(.text)
    USART_SetAddress                         0x0800134f   Thumb Code    18  stm32f10x_usart.o(.text)
    USART_WakeUpConfig                       0x08001361   Thumb Code    18  stm32f10x_usart.o(.text)
    USART_ReceiverWakeUpCmd                  0x08001373   Thumb Code    24  stm32f10x_usart.o(.text)
    USART_LINBreakDetectLengthConfig         0x0800138b   Thumb Code    18  stm32f10x_usart.o(.text)
    USART_LINCmd                             0x0800139d   Thumb Code    24  stm32f10x_usart.o(.text)
    USART_SendData                           0x080013b5   Thumb Code     8  stm32f10x_usart.o(.text)
    USART_ReceiveData                        0x080013bd   Thumb Code    10  stm32f10x_usart.o(.text)
    USART_SendBreak                          0x080013c7   Thumb Code    10  stm32f10x_usart.o(.text)
    USART_SetGuardTime                       0x080013d1   Thumb Code    16  stm32f10x_usart.o(.text)
    USART_SetPrescaler                       0x080013e1   Thumb Code    16  stm32f10x_usart.o(.text)
    USART_SmartCardCmd                       0x080013f1   Thumb Code    24  stm32f10x_usart.o(.text)
    USART_SmartCardNACKCmd                   0x08001409   Thumb Code    24  stm32f10x_usart.o(.text)
    USART_HalfDuplexCmd                      0x08001421   Thumb Code    24  stm32f10x_usart.o(.text)
    USART_OverSampling8Cmd                   0x08001439   Thumb Code    22  stm32f10x_usart.o(.text)
    USART_OneBitMethodCmd                    0x0800144f   Thumb Code    24  stm32f10x_usart.o(.text)
    USART_IrDAConfig                         0x08001467   Thumb Code    18  stm32f10x_usart.o(.text)
    USART_IrDACmd                            0x08001479   Thumb Code    24  stm32f10x_usart.o(.text)
    USART_GetFlagStatus                      0x08001491   Thumb Code    26  stm32f10x_usart.o(.text)
    USART_ClearFlag                          0x080014ab   Thumb Code    18  stm32f10x_usart.o(.text)
    USART_GetITStatus                        0x080014bd   Thumb Code    84  stm32f10x_usart.o(.text)
    USART_ClearITPendingBit                  0x08001511   Thumb Code    52  stm32f10x_usart.o(.text)
    GPIO_I2C_Configuration                   0x08001545   Thumb Code    68  hal_i2c.o(.text)
    I2C_Configuration                        0x08001589   Thumb Code    88  hal_i2c.o(.text)
    Check_I2C_Device_Ready                   0x080015e1   Thumb Code    12  hal_i2c.o(.text)
    Hal_I2C_Init                             0x080015ed   Thumb Code    30  hal_i2c.o(.text)
    Hal_I2C_ByteWrite                        0x0800160b   Thumb Code   148  hal_i2c.o(.text)
    Hal_I2C_ByteRead                         0x0800169f   Thumb Code   196  hal_i2c.o(.text)
    Hal_I2C_MutiRead                         0x08001763   Thumb Code   212  hal_i2c.o(.text)
    SHT20_reset                              0x08001865   Thumb Code    16  sht20.o(.text)
    SHT20_read_user_reg                      0x08001875   Thumb Code    24  sht20.o(.text)
    SHT20_write_user_reg                     0x0800188d   Thumb Code    16  sht20.o(.text)
    SHT2x_CheckCrc                           0x0800189d   Thumb Code    70  sht20.o(.text)
    SHT2x_CalcRH                             0x080018e3   Thumb Code    56  sht20.o(.text)
    SHT2x_CalcTemperatureC                   0x0800191b   Thumb Code    56  sht20.o(.text)
    SHT2x_MeasureHM                          0x08001953   Thumb Code   416  sht20.o(.text)
    SHT2x_GetSerialNumber                    0x08001af3   Thumb Code   870  sht20.o(.text)
    SHT20_loop                               0x08001e59   Thumb Code   144  sht20.o(.text)
    LED_Init                                 0x08001f2d   Thumb Code    58  led.o(.text)
    Relay_Init                               0x08001f71   Thumb Code    36  relay.o(.text)
    USART1_Config                            0x08001f9d   Thumb Code   152  usart1.o(.text)
    usart1_write                             0x08002035   Thumb Code    50  usart1.o(.text)
    fputc                                    0x08002067   Thumb Code    32  usart1.o(.text)
    USART2_Config                            0x08002091   Thumb Code   158  usart2.o(.text)
    USART2_Clear                             0x0800212f   Thumb Code    20  usart2.o(.text)
    USART2_Write                             0x08002143   Thumb Code    58  usart2.o(.text)
    SendCmd                                  0x0800217d   Thumb Code    78  usart2.o(.text)
    USART2_GetRcvNum                         0x080021cb   Thumb Code     6  usart2.o(.text)
    USART2_GetRcvData                        0x080021d1   Thumb Code    24  usart2.o(.text)
    HTTP_PostPkt                             0x08002215   Thumb Code   166  http_demo.o(.text)
    hexdump                                  0x08002339   Thumb Code    46  utils.o(.text)
    prvucMBBIN2CHAR                          0x08002367   Thumb Code    34  utils.o(.text)
    usMBCRC16                                0x08002389   Thumb Code    48  utils.o(.text)
    mDelay                                   0x080023b9   Thumb Code    26  utils.o(.text)
    uDelay                                   0x080023d3   Thumb Code    18  utils.o(.text)
    ESP8266_Rst                              0x080023f9   Thumb Code    66  esp8266.o(.text)
    ESP8266_Init                             0x0800243b   Thumb Code   108  esp8266.o(.text)
    __aeabi_memcpy                           0x0800254d   Thumb Code    36  memcpya.o(.text)
    __aeabi_memcpy4                          0x0800254d   Thumb Code     0  memcpya.o(.text)
    __aeabi_memcpy8                          0x0800254d   Thumb Code     0  memcpya.o(.text)
    __aeabi_memset                           0x08002571   Thumb Code    14  memseta.o(.text)
    __aeabi_memset4                          0x08002571   Thumb Code     0  memseta.o(.text)
    __aeabi_memset8                          0x08002571   Thumb Code     0  memseta.o(.text)
    __aeabi_memclr                           0x0800257f   Thumb Code     4  memseta.o(.text)
    __aeabi_memclr4                          0x0800257f   Thumb Code     0  memseta.o(.text)
    __aeabi_memclr8                          0x0800257f   Thumb Code     0  memseta.o(.text)
    _memset$wrapper                          0x08002583   Thumb Code    18  memseta.o(.text)
    strcat                                   0x08002595   Thumb Code    28  strcat.o(.text)
    strstr                                   0x080025b1   Thumb Code    44  strstr.o(.text)
    strlen                                   0x080025dd   Thumb Code    16  strlen.o(.text)
    __aeabi_dadd                             0x080025ed   Thumb Code   322  dadd.o(.text)
    __aeabi_dsub                             0x0800272f   Thumb Code     6  dadd.o(.text)
    __aeabi_drsub                            0x08002735   Thumb Code     6  dadd.o(.text)
    __aeabi_dmul                             0x0800273b   Thumb Code   228  dmul.o(.text)
    __aeabi_i2f                              0x0800281f   Thumb Code    18  fflti.o(.text)
    __aeabi_ui2f                             0x08002831   Thumb Code    10  ffltui.o(.text)
    __aeabi_f2uiz                            0x0800283b   Thumb Code    40  ffixui.o(.text)
    __aeabi_f2d                              0x08002863   Thumb Code    38  f2d.o(.text)
    __aeabi_d2f                              0x08002889   Thumb Code    56  d2f.o(.text)
    __aeabi_uidiv                            0x080028c1   Thumb Code     0  uidiv.o(.text)
    __aeabi_uidivmod                         0x080028c1   Thumb Code    44  uidiv.o(.text)
    __aeabi_uldivmod                         0x080028ed   Thumb Code    98  uldiv.o(.text)
    __aeabi_llsl                             0x0800294f   Thumb Code    30  llshl.o(.text)
    _ll_shift_l                              0x0800294f   Thumb Code     0  llshl.o(.text)
    __aeabi_lasr                             0x0800296d   Thumb Code    36  llsshr.o(.text)
    _ll_sshift_r                             0x0800296d   Thumb Code     0  llsshr.o(.text)
    __I$use$fp                               0x08002991   Thumb Code     0  iusefp.o(.text)
    _float_round                             0x08002991   Thumb Code    18  fepilogue.o(.text)
    _float_epilogue                          0x080029a3   Thumb Code    90  fepilogue.o(.text)
    _double_round                            0x080029fd   Thumb Code    26  depilogue.o(.text)
    _double_epilogue                         0x08002a17   Thumb Code   164  depilogue.o(.text)
    __aeabi_ddiv                             0x08002abb   Thumb Code   222  ddiv.o(.text)
    __aeabi_d2ulz                            0x08002b99   Thumb Code    48  dfixul.o(.text)
    __aeabi_cdrcmple                         0x08002bc9   Thumb Code    38  cdrcmple.o(.text)
    __scatterload                            0x08002bf1   Thumb Code    28  init.o(.text)
    __scatterload_rt2                        0x08002bf1   Thumb Code     0  init.o(.text)
    __aeabi_llsr                             0x08002c15   Thumb Code    32  llushr.o(.text)
    _ll_ushift_r                             0x08002c15   Thumb Code     0  llushr.o(.text)
    __0printf                                0x08002c35   Thumb Code    22  printfa.o(i.__0printf)
    __1printf                                0x08002c35   Thumb Code     0  printfa.o(i.__0printf)
    __2printf                                0x08002c35   Thumb Code     0  printfa.o(i.__0printf)
    __c89printf                              0x08002c35   Thumb Code     0  printfa.o(i.__0printf)
    printf                                   0x08002c35   Thumb Code     0  printfa.o(i.__0printf)
    __0sprintf                               0x08002c55   Thumb Code    34  printfa.o(i.__0sprintf)
    __1sprintf                               0x08002c55   Thumb Code     0  printfa.o(i.__0sprintf)
    __2sprintf                               0x08002c55   Thumb Code     0  printfa.o(i.__0sprintf)
    __c89sprintf                             0x08002c55   Thumb Code     0  printfa.o(i.__0sprintf)
    sprintf                                  0x08002c55   Thumb Code     0  printfa.o(i.__0sprintf)
    __scatterload_copy                       0x08002c7d   Thumb Code    14  handlers.o(i.__scatterload_copy)
    __scatterload_null                       0x08002c8b   Thumb Code     2  handlers.o(i.__scatterload_null)
    __scatterload_zeroinit                   0x08002c8d   Thumb Code    14  handlers.o(i.__scatterload_zeroinit)
    POLYNOMIAL                               0x080035e6   Data           2  sht20.o(.constdata)
    Region$$Table$$Base                      0x08003824   Number         0  anon$$obj.o(Region$$Table)
    Region$$Table$$Limit                     0x08003844   Number         0  anon$$obj.o(Region$$Table)
    SystemCoreClock                          0x20000000   Data           4  system_stm32f10x.o(.data)
    AHBPrescTable                            0x20000004   Data          16  system_stm32f10x.o(.data)
    gprs_ready_flag                          0x20000028   Data           1  usart2.o(.data)
    gprs_ready_count                         0x20000029   Data           1  usart2.o(.data)
    usart2_rcv_len                           0x2000002c   Data           4  usart2.o(.data)
    __stdout                                 0x20000030   Data           4  stdout.o(.data)
    usart2_rcv_buf                           0x20000034   Data        1024  usart2.o(.bss)
    __initial_sp                             0x20000838   Data           0  startup_stm32f10x_hd.o(STACK)



==============================================================================

Memory Map of the image

  Image Entry point : 0x08000131

  Load Region LR_IROM1 (Base: 0x08000000, Size: 0x00003878, Max: 0x00080000, ABSOLUTE)

    Execution Region ER_IROM1 (Base: 0x08000000, Size: 0x00003844, Max: 0x00080000, ABSOLUTE)

    Base Addr    Size         Type   Attr      Idx    E Section Name        Object

    0x08000000   0x00000130   Data   RO          116    RESET               startup_stm32f10x_hd.o
    0x08000130   0x00000000   Code   RO          524  * .ARM.Collect$$$$00000000  mc_w.l(entry.o)
    0x08000130   0x00000004   Code   RO          814    .ARM.Collect$$$$00000001  mc_w.l(entry2.o)
    0x08000134   0x00000004   Code   RO          817    .ARM.Collect$$$$00000004  mc_w.l(entry5.o)
    0x08000138   0x00000000   Code   RO          819    .ARM.Collect$$$$00000008  mc_w.l(entry7b.o)
    0x08000138   0x00000008   Code   RO          820    .ARM.Collect$$$$00000009  mc_w.l(entry8.o)
    0x08000140   0x00000004   Code   RO          815    .ARM.Collect$$$$00002712  mc_w.l(entry2.o)
    0x08000144   0x000001d0   Code   RO           17    .text               system_stm32f10x.o
    0x08000314   0x00000024   Code   RO          117    .text               startup_stm32f10x_hd.o
    0x08000338   0x000001cc   Code   RO          121    .text               main.o
    0x08000504   0x00000074   Code   RO          252    .text               stm32f10x_it.o
    0x08000578   0x000000dc   Code   RO          280    .text               misc.o
    0x08000654   0x00000358   Code   RO          316    .text               stm32f10x_gpio.o
    0x080009ac   0x000003ec   Code   RO          328    .text               stm32f10x_i2c.o
    0x08000d98   0x000003a4   Code   RO          340    .text               stm32f10x_rcc.o
    0x0800113c   0x00000408   Code   RO          354    .text               stm32f10x_usart.o
    0x08001544   0x00000320   Code   RO          366    .text               hal_i2c.o
    0x08001864   0x000006c8   Code   RO          395    .text               sht20.o
    0x08001f2c   0x00000044   Code   RO          413    .text               led.o
    0x08001f70   0x0000002c   Code   RO          425    .text               relay.o
    0x08001f9c   0x000000f4   Code   RO          437    .text               usart1.o
    0x08002090   0x00000184   Code   RO          456    .text               usart2.o
    0x08002214   0x00000124   Code   RO          476    .text               http_demo.o
    0x08002338   0x000000c0   Code   RO          495    .text               utils.o
    0x080023f8   0x00000154   Code   RO          509    .text               esp8266.o
    0x0800254c   0x00000024   Code   RO          527    .text               mc_w.l(memcpya.o)
    0x08002570   0x00000024   Code   RO          529    .text               mc_w.l(memseta.o)
    0x08002594   0x0000001c   Code   RO          531    .text               mc_w.l(strcat.o)
    0x080025b0   0x0000002c   Code   RO          533    .text               mc_w.l(strstr.o)
    0x080025dc   0x00000010   Code   RO          535    .text               mc_w.l(strlen.o)
    0x080025ec   0x0000014e   Code   RO          800    .text               mf_w.l(dadd.o)
    0x0800273a   0x000000e4   Code   RO          802    .text               mf_w.l(dmul.o)
    0x0800281e   0x00000012   Code   RO          804    .text               mf_w.l(fflti.o)
    0x08002830   0x0000000a   Code   RO          806    .text               mf_w.l(ffltui.o)
    0x0800283a   0x00000028   Code   RO          808    .text               mf_w.l(ffixui.o)
    0x08002862   0x00000026   Code   RO          810    .text               mf_w.l(f2d.o)
    0x08002888   0x00000038   Code   RO          812    .text               mf_w.l(d2f.o)
    0x080028c0   0x0000002c   Code   RO          822    .text               mc_w.l(uidiv.o)
    0x080028ec   0x00000062   Code   RO          824    .text               mc_w.l(uldiv.o)
    0x0800294e   0x0000001e   Code   RO          826    .text               mc_w.l(llshl.o)
    0x0800296c   0x00000024   Code   RO          828    .text               mc_w.l(llsshr.o)
    0x08002990   0x00000000   Code   RO          830    .text               mc_w.l(iusefp.o)
    0x08002990   0x0000006c   Code   RO          831    .text               mf_w.l(fepilogue.o)
    0x080029fc   0x000000be   Code   RO          833    .text               mf_w.l(depilogue.o)
    0x08002aba   0x000000de   Code   RO          835    .text               mf_w.l(ddiv.o)
    0x08002b98   0x00000030   Code   RO          837    .text               mf_w.l(dfixul.o)
    0x08002bc8   0x00000028   Code   RO          839    .text               mf_w.l(cdrcmple.o)
    0x08002bf0   0x00000024   Code   RO          841    .text               mc_w.l(init.o)
    0x08002c14   0x00000020   Code   RO          843    .text               mc_w.l(llushr.o)
    0x08002c34   0x00000020   Code   RO          772    i.__0printf         mc_w.l(printfa.o)
    0x08002c54   0x00000028   Code   RO          774    i.__0sprintf        mc_w.l(printfa.o)
    0x08002c7c   0x0000000e   Code   RO          847    i.__scatterload_copy  mc_w.l(handlers.o)
    0x08002c8a   0x00000002   Code   RO          848    i.__scatterload_null  mc_w.l(handlers.o)
    0x08002c8c   0x0000000e   Code   RO          849    i.__scatterload_zeroinit  mc_w.l(handlers.o)
    0x08002c9a   0x00000002   PAD
    0x08002c9c   0x0000015c   Code   RO          779    i._fp_digits        mc_w.l(printfa.o)
    0x08002df8   0x000006f0   Code   RO          780    i._printf_core      mc_w.l(printfa.o)
    0x080034e8   0x00000026   Code   RO          781    i._printf_post_padding  mc_w.l(printfa.o)
    0x0800350e   0x00000030   Code   RO          782    i._printf_pre_padding  mc_w.l(printfa.o)
    0x0800353e   0x0000000a   Code   RO          784    i._sputc            mc_w.l(printfa.o)
    0x08003548   0x0000009e   Data   RO          367    .constdata          hal_i2c.o
    0x080035e6   0x00000033   Data   RO          396    .constdata          sht20.o
    0x08003619   0x00000008   Data   RO          458    .constdata          usart2.o
    0x08003621   0x00000200   Data   RO          496    .constdata          utils.o
    0x08003821   0x00000003   PAD
    0x08003824   0x00000020   Data   RO          845    Region$$Table       anon$$obj.o


    Execution Region RW_IRAM1 (Base: 0x20000000, Size: 0x00000838, Max: 0x00010000, ABSOLUTE)

    Base Addr    Size         Type   Attr      Idx    E Section Name        Object

    0x20000000   0x00000014   Data   RW           18    .data               system_stm32f10x.o
    0x20000014   0x00000014   Data   RW          341    .data               stm32f10x_rcc.o
    0x20000028   0x00000008   Data   RW          459    .data               usart2.o
    0x20000030   0x00000004   Data   RW          821    .data               mc_w.l(stdout.o)
    0x20000034   0x00000400   Zero   RW          457    .bss                usart2.o
    0x20000434   0x00000004   PAD
    0x20000438   0x00000400   Zero   RW          114    STACK               startup_stm32f10x_hd.o


==============================================================================

Image component sizes


      Code (inc. data)   RO Data    RW Data    ZI Data      Debug   Object Name

         0          0          0          0          0       4244   core_cm3.o
       340        166          0          0          0        679   esp8266.o
       800         46        158          0          0       3023   hal_i2c.o
       292        126          0          0          0        811   http_demo.o
        68         10          0          0          0        411   led.o
       460        142          0          0          0       1911   main.o
       220         20          0          0          0       1913   misc.o
        44          8          0          0          0        409   relay.o
      1736        212         51          0          0       3996   sht20.o
        36          8        304          0       1024        824   startup_stm32f10x_hd.o
       856         40          0          0          0       5757   stm32f10x_gpio.o
      1004         18          0          0          0       9163   stm32f10x_i2c.o
       116         14          0          0          0       1770   stm32f10x_it.o
       932         52          0         20          0       8944   stm32f10x_rcc.o
      1032         22          0          0          0       8484   stm32f10x_usart.o
       464         44          0         20          0     238067   system_stm32f10x.o
       244         10          0          0          0       1687   usart1.o
       388         44          8          8       1024       2766   usart2.o
       192         20        512          0          0       2102   utils.o

    ----------------------------------------------------------------------
      9224       1002       1068         48       2052     296961   Object Totals
         0          0         32          0          0          0   (incl. Generated)
         0          0          3          0          4          0   (incl. Padding)

    ----------------------------------------------------------------------

      Code (inc. data)   RO Data    RW Data    ZI Data      Debug   Library Member Name

         0          0          0          0          0          0   entry.o
         8          4          0          0          0          0   entry2.o
         4          0          0          0          0          0   entry5.o
         0          0          0          0          0          0   entry7b.o
         8          4          0          0          0          0   entry8.o
        30          0          0          0          0          0   handlers.o
        36          8          0          0          0         68   init.o
         0          0          0          0          0          0   iusefp.o
        30          0          0          0          0         68   llshl.o
        36          0          0          0          0         68   llsshr.o
        32          0          0          0          0         68   llushr.o
        36          0          0          0          0         68   memcpya.o
        36          0          0          0          0        108   memseta.o
      2292         96          0          0          0        596   printfa.o
         0          0          0          4          0          0   stdout.o
        28          0          0          0          0         68   strcat.o
        16          0          0          0          0         68   strlen.o
        44          0          0          0          0         80   strstr.o
        44          0          0          0          0         80   uidiv.o
        98          0          0          0          0         92   uldiv.o
        40          2          0          0          0         68   cdrcmple.o
        56          0          0          0          0         88   d2f.o
       334          0          0          0          0        144   dadd.o
       222          0          0          0          0        100   ddiv.o
       190          0          0          0          0        176   depilogue.o
        48          0          0          0          0         68   dfixul.o
       228          0          0          0          0         92   dmul.o
        38          0          0          0          0         68   f2d.o
       108          0          0          0          0        168   fepilogue.o
        40          0          0          0          0         68   ffixui.o
        18          0          0          0          0         68   fflti.o
        10          0          0          0          0         68   ffltui.o

    ----------------------------------------------------------------------
      4112        114          0          4          0       2608   Library Totals
         2          0          0          0          0          0   (incl. Padding)

    ----------------------------------------------------------------------

      Code (inc. data)   RO Data    RW Data    ZI Data      Debug   Library Name

      2778        112          0          4          0       1432   mc_w.l
      1332          2          0          0          0       1176   mf_w.l

    ----------------------------------------------------------------------
      4112        114          0          4          0       2608   Library Totals

    ----------------------------------------------------------------------

==============================================================================


      Code (inc. data)   RO Data    RW Data    ZI Data      Debug   

     13336       1116       1068         52       2052     296709   Grand Totals
     13336       1116       1068         52       2052     296709   ELF Image Totals
     13336       1116       1068         52          0          0   ROM Totals

==============================================================================

    Total RO  Size (Code + RO Data)                14404 (  14.07kB)
    Total RW  Size (RW Data + ZI Data)              2104 (   2.05kB)
    Total ROM Size (Code + RO Data + RW Data)      14456 (  14.12kB)

==============================================================================

